- Local:   http://localhost:3000
- Network: http://198.18.0.1:3000
admin login
admin login
admin logout
client namespace disconnect
admin login
admin login
admin logout
client namespace disconnect
admin login
admin login
admin logout
transport close
admin login
admin login
1 login
1 login
1 logout
transport close
admin logout
transport close
admin login
admin login
admin login
admin login
admin logout
transport close
admin login
admin login
admin logout
client namespace disconnect
admin logout
client namespace disconnect
1 login
1 login
1 logout
transport close
admin login
admin login
admin logout
client namespace disconnect
